#-----------------------------------------------------------
# Vivado v2020.2 (64-bit)
# SW Build 3064766 on Wed Nov 18 09:12:45 MST 2020
# IP Build 3064653 on Wed Nov 18 14:17:31 MST 2020
# Start of session at: Mon Mar 23 11:58:59 2026
# Process ID: 28392
# Current directory: D:/project/SoC/260224_UVM_Counter
# Command line: vivado.exe -gui_launcher_event rodinguilauncherevent30012 D:\project\SoC\260224_UVM_Counter\260224_UVM_Counter.xpr
# Log file: D:/project/SoC/260224_UVM_Counter/vivado.log
# Journal file: D:/project/SoC/260224_UVM_Counter\vivado.jou
#-----------------------------------------------------------
start_gui
open_project D:/project/SoC/260224_UVM_Counter/260224_UVM_Counter.xpr
WARNING: [filemgmt 56-3] Default IP Output Path : Could not find the directory 'D:/project/SoC/260224_UVM_Counter/260224_UVM_Counter.gen/sources_1'.
Scanning sources...
Finished scanning sources
INFO: [IP_Flow 19-234] Refreshing IP repositories
INFO: [IP_Flow 19-1704] No user IP repositories specified
INFO: [IP_Flow 19-2313] Loaded Vivado IP repository 'C:/Xilinx/Vivado/2020.2/data/ip'.
update_compile_order -fileset sources_1
exit
INFO: [Common 17-206] Exiting Vivado at Mon Mar 23 11:59:39 2026...
